// Jest Snapshot v1, https://goo.gl/fbAQLP

exports[`expect to render page 1`] = `ShallowWrapper {}`;
